// Jest Snapshot v1, https://goo.gl/fbAQLP

exports[`App - render each component 1`] = `
<div
  className="App"
>
  <div
    className="sidebar"
  >
    <Connect(SearchBox) />
    <div
      className="movieListWrap"
    >
      <Connect(MovieList) />
    </div>
    <Connect(Pagination) />
  </div>
  <div
    className="detail"
  >
    <Connect(MovieDetail) />
  </div>
</div>
`;
